// Jest Snapshot v1, https://goo.gl/fbAQLP

exports[`CacheEntryId Invalid pattern names Throws an exception for an invalid pattern 1`] = `"Cache entry name pattern is missing a [hash] token."`;

exports[`CacheEntryId Invalid pattern names Throws an exception for an invalid pattern 2`] = `"Unexpected token name \\"invalidTag\\"."`;

exports[`CacheEntryId Invalid pattern names Throws an exception for an invalid pattern 3`] = `"Unexpected \\"]\\" character in cache entry name pattern."`;

exports[`CacheEntryId Invalid pattern names Throws an exception for an invalid pattern 4`] = `"Unclosed token in cache entry name pattern."`;

exports[`CacheEntryId Invalid pattern names Throws an exception for an invalid pattern 5`] = `"An attribute isn't supported for the \\"hash\\" token."`;

exports[`CacheEntryId Invalid pattern names Throws an exception for an invalid pattern 6`] = `"An attribute isn't supported for the \\"hash\\" token."`;

exports[`CacheEntryId Invalid pattern names Throws an exception for an invalid pattern 7`] = `"Unexpected attribute \\"badAttribute\\" for the \\"projectName\\" token."`;

exports[`CacheEntryId Invalid pattern names Throws an exception for an invalid pattern 8`] = `"Unexpected attribute \\"\\" for the \\"projectName\\" token."`;

exports[`CacheEntryId Invalid pattern names Throws an exception for an invalid pattern 9`] = `"Unexpected token name \\"\\"."`;

exports[`CacheEntryId Invalid pattern names Throws an exception for an invalid pattern 10`] = `"Unexpected attribute \\"attr1:attr2\\" for the \\"projectName\\" token."`;

exports[`CacheEntryId Invalid pattern names Throws an exception for an invalid pattern 11`] = `"Cache entry name patterns may not start with a slash."`;

exports[`CacheEntryId Invalid pattern names Throws an exception for an invalid pattern 12`] = `"Cache entry name pattern contains an invalid character. Only alphanumeric characters, slashes, underscores, and hyphens are allowed."`;

exports[`CacheEntryId Valid pattern names Handles a cache entry name for a project name with a scope 1`] = `"09d1ecee6d5f888fa6c35ca804b5dac7c3735ce3"`;

exports[`CacheEntryId Valid pattern names Handles a cache entry name for a project name with a scope 2`] = `"09d1ecee6d5f888fa6c35ca804b5dac7c3735ce3"`;

exports[`CacheEntryId Valid pattern names Handles a cache entry name for a project name with a scope 3`] = `"@scope/project+name_09d1ecee6d5f888fa6c35ca804b5dac7c3735ce3"`;

exports[`CacheEntryId Valid pattern names Handles a cache entry name for a project name with a scope 4`] = `"@scope+project++name_09d1ecee6d5f888fa6c35ca804b5dac7c3735ce3"`;

exports[`CacheEntryId Valid pattern names Handles a cache entry name for a project name with a scope 5`] = `"prefix/@scope+project++name_09d1ecee6d5f888fa6c35ca804b5dac7c3735ce3"`;

exports[`CacheEntryId Valid pattern names Handles a cache entry name for a project name without a scope 1`] = `"09d1ecee6d5f888fa6c35ca804b5dac7c3735ce3"`;

exports[`CacheEntryId Valid pattern names Handles a cache entry name for a project name without a scope 2`] = `"09d1ecee6d5f888fa6c35ca804b5dac7c3735ce3"`;

exports[`CacheEntryId Valid pattern names Handles a cache entry name for a project name without a scope 3`] = `"project+name_09d1ecee6d5f888fa6c35ca804b5dac7c3735ce3"`;

exports[`CacheEntryId Valid pattern names Handles a cache entry name for a project name without a scope 4`] = `"project++name_09d1ecee6d5f888fa6c35ca804b5dac7c3735ce3"`;

exports[`CacheEntryId Valid pattern names Handles a cache entry name for a project name without a scope 5`] = `"prefix/project++name_09d1ecee6d5f888fa6c35ca804b5dac7c3735ce3"`;
